{"id":3,"log_name":"default","description":"created","subject_type":"App\\Models\\UserShiftException","subject_id":2,"event":"created","causer_type":"App\\Models\\User","causer_id":1,"attribute_changes":{"attributes":{"date":"2026-06-05T16:00:00.000000Z","user_id":3,"shift_id":1}},"properties":[],"created_at":"2026-06-09T05:33:06.000000Z","updated_at":"2026-06-09T05:33:06.000000Z"}